MPLINK 5.09, LINKER
Linker Map File - Created Tue Nov 03 17:51:53 2020

                                 Section Info
                  Section       Type    Address   Location Size(Bytes)
                ---------  ---------  ---------  ---------  ---------
                 RES_VECT       code   0x000000    program   0x000002
                   .cinit    romdata   0x000001    program   0x000004
                MAIN_PROG       code   0x000003    program   0x00007e
.config_2007_BUILD/DEFAULT/PRODUCTION/RAIZ.O       code   0x002007    program   0x000002



                              Program Memory Usage 
                               Start         End      
                           ---------   ---------      
                            0x000000    0x000041      
                            0x002007    0x002007      
            67 out of 4358 program addresses used, program memory utilization is 1%



                              Symbols - Sorted by Name
                     Name    Address   Location    Storage File                     
                ---------  ---------  ---------  --------- ---------                
                    CICLO   0x000025    program     static C:\Users\yo\MPLABXProjects\Raiz.X\raiz.asm
                    FINAL   0x000040    program     static C:\Users\yo\MPLABXProjects\Raiz.X\raiz.asm
                   INICIO   0x00000d    program     static C:\Users\yo\MPLABXProjects\Raiz.X\raiz.asm
                    MULTI   0x000029    program     static C:\Users\yo\MPLABXProjects\Raiz.X\raiz.asm
                    START   0x000003    program     static C:\Users\yo\MPLABXProjects\Raiz.X\raiz.asm



                              Symbols - Sorted by Address
                     Name    Address   Location    Storage File                     
                ---------  ---------  ---------  --------- ---------                
                    START   0x000003    program     static C:\Users\yo\MPLABXProjects\Raiz.X\raiz.asm
                   INICIO   0x00000d    program     static C:\Users\yo\MPLABXProjects\Raiz.X\raiz.asm
                    CICLO   0x000025    program     static C:\Users\yo\MPLABXProjects\Raiz.X\raiz.asm
                    MULTI   0x000029    program     static C:\Users\yo\MPLABXProjects\Raiz.X\raiz.asm
                    FINAL   0x000040    program     static C:\Users\yo\MPLABXProjects\Raiz.X\raiz.asm


