MPLINK 5.09, LINKER
Linker Map File - Created Mon Nov 02 12:28:42 2020

                                 Section Info
                  Section       Type    Address   Location Size(Bytes)
                ---------  ---------  ---------  ---------  ---------
                 RES_VECT       code   0x000000    program   0x000002
                   .cinit    romdata   0x000001    program   0x000004
                MAIN_PROG       code   0x000003    program   0x000048
.config_2007_BUILD/DEFAULT/PRODUCTION/MULTIPL       code   0x002007    program   0x000002



                              Program Memory Usage 
                               Start         End      
                           ---------   ---------      
                            0x000000    0x000026      
                            0x002007    0x002007      
            40 out of 4358 program addresses used, program memory utilization is 0%



                              Symbols - Sorted by Name
                     Name    Address   Location    Storage File                     
                ---------  ---------  ---------  --------- ---------                
                    START   0x000003    program     static C:\Users\yo\MPLABXProjects\Multiplica.X\multiplica.asm
                   inicio   0x00000c    program     static C:\Users\yo\MPLABXProjects\Multiplica.X\multiplica.asm
                      rec   0x000016    program     static C:\Users\yo\MPLABXProjects\Multiplica.X\multiplica.asm
                      sum   0x000024    program     static C:\Users\yo\MPLABXProjects\Multiplica.X\multiplica.asm



                              Symbols - Sorted by Address
                     Name    Address   Location    Storage File                     
                ---------  ---------  ---------  --------- ---------                
                    START   0x000003    program     static C:\Users\yo\MPLABXProjects\Multiplica.X\multiplica.asm
                   inicio   0x00000c    program     static C:\Users\yo\MPLABXProjects\Multiplica.X\multiplica.asm
                      rec   0x000016    program     static C:\Users\yo\MPLABXProjects\Multiplica.X\multiplica.asm
                      sum   0x000024    program     static C:\Users\yo\MPLABXProjects\Multiplica.X\multiplica.asm


